exports[`undefined 1`] = `
<View
  style={
    Array [
      Object {
        "alignItems": "center",
        "borderBottomColor": "#e5e5e5",
        "borderBottomWidth": 1,
        "flexDirection": "row",
        "height": 105,
        "paddingLeft": 23,
        "paddingRight": 23,
      },
      undefined,
      false,
      false,
      false,
      false,
      false,
      false,
      false,
      false,
      false,
    ]
  }>
  <TextInput
    editable={true}
    error={false}
    initJudge={true}
    multiline={false}
    onBlur={[Function]}
    onChange={[Function]}
    onContentSizeChange={[Function]}
    onFocus={[Function]}
    placeholderTextColor="#ccc"
    readOnly={false}
    returnKeyType="done"
    style={
      Array [
        Object {
          "color": "#333",
          "flexGrow": 1,
          "fontSize": 33,
          "height": 103,
          "padding": 0,
        },
        false,
        undefined,
        false,
        false,
      ]
    }
    underlineColorAndroid="transparent" />
  <View
    style={
      Object {
        "backgroundColor": "#ff9900",
        "bottom": -1,
        "height": 5,
        "left": 0,
        "position": "absolute",
        "right": 0,
        "transform": Array [
          Object {
            "scaleX": 0.0001,
          },
        ],
      }
    } />
</View>
`;
